2025-12-17 00:41:27,926 - INFO - Starting full Data Warehouse ETL pipeline...
2025-12-17 00:41:27,943 - INFO - MySQL database connection established successfully
2025-12-17 00:41:27,943 - INFO - Starting Fitbit data extraction...
2025-12-17 00:41:27,949 - INFO - Extracted daily_activity: 457 records
2025-12-17 00:41:28,342 - INFO - Extracted heartrate: 1154681 records
2025-12-17 00:41:28,350 - INFO - Extracted hourly_calories: 24084 records
2025-12-17 00:41:28,352 - INFO - Extracted weight_log: 33 records
2025-12-17 00:41:28,411 - INFO - Extracted sleep_minutes: 198559 records
2025-12-17 00:41:28,411 - INFO - Fitbit data extraction complete.
2025-12-17 00:41:28,411 - INFO - Starting gym members data extraction...
2025-12-17 00:41:28,414 - INFO - Extracted gym members data: 973 records
2025-12-17 00:41:28,414 - INFO - Starting Mendeley health data extraction...
2025-12-17 00:41:29,154 - INFO - Extracted Mendeley health data: 14589 records
2025-12-17 00:41:29,154 - INFO - Starting nutrition data extraction...
2025-12-17 00:41:32,515 - INFO - Extracted nutrition data: 8789 records
2025-12-17 00:41:32,515 - INFO - Starting data transformation for Data Warehouse...
2025-12-17 00:41:32,515 - INFO - Creating staging data...
2025-12-17 00:41:32,515 - INFO - Creating user mapping with Euclidean Archetype Linking...
2025-12-17 00:41:32,673 - WARNING - Invalid BMI 9.52 for 7073. Setting to NULL.
2025-12-17 00:41:32,673 - WARNING - Invalid BMI 9.52 for 7077. Setting to NULL.
2025-12-17 00:41:32,674 - WARNING - Invalid BMI 9.83 for 7105. Setting to NULL.
2025-12-17 00:41:32,674 - WARNING - Invalid BMI 9.83 for 7109. Setting to NULL.
2025-12-17 00:41:32,677 - WARNING - Invalid BMI 9.93 for 7233. Setting to NULL.
2025-12-17 00:41:32,677 - WARNING - Invalid BMI 9.93 for 7237. Setting to NULL.
2025-12-17 00:41:32,678 - WARNING - Invalid BMI 9.83 for 7265. Setting to NULL.
2025-12-17 00:41:32,678 - WARNING - Invalid BMI 9.83 for 7269. Setting to NULL.
2025-12-17 00:41:32,678 - WARNING - Invalid BMI 9.72 for 7297. Setting to NULL.
2025-12-17 00:41:32,679 - WARNING - Invalid BMI 9.72 for 7301. Setting to NULL.
2025-12-17 00:41:32,685 - WARNING - Invalid BMI 9.62 for 7585. Setting to NULL.
2025-12-17 00:41:32,685 - WARNING - Invalid BMI 9.62 for 7589. Setting to NULL.
2025-12-17 00:41:32,838 - WARNING - Invalid BMI 70.0 for 14450. Setting to NULL.
2025-12-17 00:41:32,872 - INFO - Created user mapping for 4698 unique users
2025-12-17 00:41:32,878 - INFO - Staging user profiles created: 4698 records
2025-12-17 00:41:32,878 - INFO - Creating Dim_Date...
2025-12-17 00:41:32,901 - INFO - Creating Dimension tables...
2025-12-17 00:41:32,931 - INFO - Cleaning numeric nutrient columns in nutrition data...
2025-12-17 00:41:33,596 - INFO - Nutrient column cleaning complete.
2025-12-17 00:41:33,603 - INFO - Creating Bridge tables...
2025-12-17 00:41:33,809 - INFO - Creating Fact tables...
2025-12-17 00:41:36,236 - INFO - Created Fact_HealthMetric: 676 records
2025-12-17 00:41:36,236 - INFO - Created Fact_WorkoutSession: 233 records
2025-12-17 00:41:36,236 - INFO - Creating Fact_NutritionLog...
2025-12-17 00:41:36,247 - INFO - Created Fact_NutritionLog: 164 sample records
2025-12-17 00:41:36,247 - INFO - NOTE: This is sample data. In production, replace with actual meal log extraction.
2025-12-17 00:41:36,247 - INFO - Data transformation into Snowflake Schema completed.
2025-12-17 00:41:36,247 - INFO - Executing db_schema.sql to create Data Warehouse schema...
2025-12-17 00:41:36,550 - INFO - Data Warehouse schema created successfully
2025-12-17 00:41:36,550 - INFO - Loading data to Data Warehouse...
2025-12-17 00:41:36,550 - INFO - Loading Dim_Date (3653 records)...
2025-12-17 00:41:36,756 - INFO - Loading Dim_User (4698 records)...
2025-12-17 00:41:36,823 - INFO - Loading Dim_FitnessGoal (3 records)...
2025-12-17 00:41:36,826 - INFO - Loading Dim_FitnessType (6 records)...
2025-12-17 00:41:36,828 - INFO - Loading Dim_HealthCondition (2 records)...
2025-12-17 00:41:36,830 - INFO - Loading Dim_Exercise (4 records)...
2025-12-17 00:41:36,832 - INFO - Loading Dim_Diet (70 records)...
2025-12-17 00:41:36,835 - INFO - Loading Dim_FoodItem (8789 records)...
2025-12-17 00:41:37,056 - INFO - Loading Dim_MetricType (4 records)...
2025-12-17 00:41:37,059 - INFO - Loading Dim_WorkoutType (6 records)...
2025-12-17 00:41:37,060 - INFO - Loading Dim_MealType (4 records)...
2025-12-17 00:41:37,062 - INFO - Loading Bridge_User_HealthCondition (33 records)...
2025-12-17 00:41:37,064 - INFO - Loading Bridge_User_WorkoutPreference (969 records)...
2025-12-17 00:41:37,076 - INFO - Loading Bridge_User_DietPreference (46223 records)...
2025-12-17 00:41:37,565 - INFO - Loading Fact_UserSnapshot (4698 records)...
2025-12-17 00:41:37,677 - INFO - Loading Fact_WorkoutSession (233 records)...
2025-12-17 00:41:37,684 - INFO - Loading Fact_HealthMetric (676 records)...
2025-12-17 00:41:37,721 - INFO - Loading Fact_NutritionLog (164 records)...
2025-12-17 00:41:37,727 - INFO - Data Warehouse loading complete.
2025-12-17 00:41:37,727 - INFO - Performing data quality validation...
2025-12-17 00:41:37,729 - INFO - Dim_User: 4698 records
2025-12-17 00:41:37,730 - INFO - Dim_Date: 3653 records
2025-12-17 00:41:37,731 - INFO - Dim_FoodItem: 8789 records
2025-12-17 00:41:37,731 - INFO - Dim_WorkoutType: 6 records
2025-12-17 00:41:37,731 - INFO - Dim_MealType: 4 records
2025-12-17 00:41:37,731 - INFO - Dim_MetricType: 4 records
2025-12-17 00:41:37,731 - INFO - Dim_HealthCondition: 2 records
2025-12-17 00:41:37,731 - INFO - Dim_FitnessGoal: 3 records
2025-12-17 00:41:37,732 - INFO - Dim_FitnessType: 6 records
2025-12-17 00:41:37,732 - INFO - Dim_Exercise: 4 records
2025-12-17 00:41:37,732 - INFO - Dim_Diet: 70 records
2025-12-17 00:41:37,732 - INFO - Fact_UserSnapshot: 4698 records
2025-12-17 00:41:37,733 - INFO - Fact_WorkoutSession: 233 records
2025-12-17 00:41:37,733 - INFO - Fact_HealthMetric: 676 records
2025-12-17 00:41:37,733 - INFO - Fact_NutritionLog: 164 records
2025-12-17 00:41:37,733 - INFO - Bridge_User_HealthCondition: 33 records
2025-12-17 00:41:37,733 - INFO - Bridge_User_WorkoutPreference: 969 records
2025-12-17 00:41:37,737 - INFO - Bridge_User_DietPreference: 46223 records
2025-12-17 00:41:37,737 - INFO - Running validation.sql...
2025-12-17 00:41:37,895 - INFO - ✓ Validation passed
2025-12-17 00:41:37,896 - INFO - Generating summary report...
2025-12-17 00:41:37,896 - INFO - Report saved to output/etl_report_20251217_004137.json
2025-12-17 00:41:37,896 - INFO - ETL Complete | Records: 70,235 | Score: 100.0/100
2025-12-17 00:41:37,896 - INFO - Data Warehouse ETL pipeline completed successfully.
